00:12:53 **** Incremental Build of configuration Debug for project corespi ****
make all 
make: Nothing to be done for `all'.
00:16:56 **** Auto Build of configuration Debug for project corespi ****
make all 
Building file: ../src/spi_tester.c
Invoking: ARM gcc compiler
arm-xilinx-eabi-gcc -Wall -O0 -g3 -c -fmessage-length=0 -MT"src/spi_tester.o" -I../../corespi_bsp/ps7_cortexa9_0/include -MMD -MP -MF"src/spi_tester.d" -MT"src/spi_tester.o" -o "src/spi_tester.o" "../src/spi_tester.c"
Finished building: ../src/spi_tester.c
 
Building target: corespi.elf
Invoking: ARM gcc linker
arm-xilinx-eabi-gcc -Wl,-T -Wl,../src/lscript.ld -L../../corespi_bsp/ps7_cortexa9_0/lib -o "corespi.elf"  ./src/platform.o ./src/spi_tester.o   -Wl,--start-group,-lxil,-lgcc,-lc,--end-group
Finished building target: corespi.elf
 
Invoking: ARM Print Size
arm-xilinx-eabi-size corespi.elf  |tee "corespi.elf.size"
   text	   data	    bss	    dec	    hex	filename
  32448	   1200	  22692	  56340	   dc14	corespi.elf
Finished building: corespi.elf.size
 
00:17:35 **** Auto Build of configuration Debug for project corespi ****
make all 
Building file: ../src/spi_tester.c
Invoking: ARM gcc compiler
arm-xilinx-eabi-gcc -Wall -O0 -g3 -c -fmessage-length=0 -MT"src/spi_tester.o" -I../../corespi_bsp/ps7_cortexa9_0/include -MMD -MP -MF"src/spi_tester.d" -MT"src/spi_tester.o" -o "src/spi_tester.o" "../src/spi_tester.c"
Finished building: ../src/spi_tester.c
 
Building target: corespi.elf
Invoking: ARM gcc linker
arm-xilinx-eabi-gcc -Wl,-T -Wl,../src/lscript.ld -L../../corespi_bsp/ps7_cortexa9_0/lib -o "corespi.elf"  ./src/platform.o ./src/spi_tester.o   -Wl,--start-group,-lxil,-lgcc,-lc,--end-group
Finished building target: corespi.elf
 
Invoking: ARM Print Size
arm-xilinx-eabi-size corespi.elf  |tee "corespi.elf.size"
   text	   data	    bss	    dec	    hex	filename
  32448	   1200	  22692	  56340	   dc14	corespi.elf
Finished building: corespi.elf.size
 
00:29:01 **** Auto Build of configuration Debug for project corespi ****
make all 
Building file: ../src/spi_tester.c
Invoking: ARM gcc compiler
arm-xilinx-eabi-gcc -Wall -O0 -g3 -c -fmessage-length=0 -MT"src/spi_tester.o" -I../../corespi_bsp/ps7_cortexa9_0/include -MMD -MP -MF"src/spi_tester.d" -MT"src/spi_tester.o" -o "src/spi_tester.o" "../src/spi_tester.c"
Finished building: ../src/spi_tester.c
 
Building target: corespi.elf
Invoking: ARM gcc linker
arm-xilinx-eabi-gcc -Wl,-T -Wl,../src/lscript.ld -L../../corespi_bsp/ps7_cortexa9_0/lib -o "corespi.elf"  ./src/platform.o ./src/spi_tester.o   -Wl,--start-group,-lxil,-lgcc,-lc,--end-group
Finished building target: corespi.elf
 
Invoking: ARM Print Size
arm-xilinx-eabi-size corespi.elf  |tee "corespi.elf.size"
   text	   data	    bss	    dec	    hex	filename
  32448	   1200	  22692	  56340	   dc14	corespi.elf
Finished building: corespi.elf.size
 
00:29:54 **** Auto Build of configuration Debug for project corespi ****
make all 
Building file: ../src/spi_tester.c
Invoking: ARM gcc compiler
arm-xilinx-eabi-gcc -Wall -O0 -g3 -c -fmessage-length=0 -MT"src/spi_tester.o" -I../../corespi_bsp/ps7_cortexa9_0/include -MMD -MP -MF"src/spi_tester.d" -MT"src/spi_tester.o" -o "src/spi_tester.o" "../src/spi_tester.c"
Finished building: ../src/spi_tester.c
 
Building target: corespi.elf
Invoking: ARM gcc linker
arm-xilinx-eabi-gcc -Wl,-T -Wl,../src/lscript.ld -L../../corespi_bsp/ps7_cortexa9_0/lib -o "corespi.elf"  ./src/platform.o ./src/spi_tester.o   -Wl,--start-group,-lxil,-lgcc,-lc,--end-group
Finished building target: corespi.elf
 
Invoking: ARM Print Size
arm-xilinx-eabi-size corespi.elf  |tee "corespi.elf.size"
   text	   data	    bss	    dec	    hex	filename
  32448	   1200	  22692	  56340	   dc14	corespi.elf
Finished building: corespi.elf.size
 
00:54:53 **** Build of project corespi_bsp ****
make -k all 
Running Make include in ps7_cortexa9_0/libsrc/coresightps_dcc_v1_0/src
make -C ps7_cortexa9_0/libsrc/coresightps_dcc_v1_0/src -s include  "SHELL=/bin/sh" "COMPILER=arm-xilinx-eabi-gcc" "ARCHIVER=arm-xilinx-eabi-ar" "COMPILER_FLAGS=  -O2 -c" "EXTRA_COMPILER_FLAGS=-g"
Running Make include in ps7_cortexa9_0/libsrc/cpu_cortexa9_v2_1/src
make -C ps7_cortexa9_0/libsrc/cpu_cortexa9_v2_1/src -s include  "SHELL=/bin/sh" "COMPILER=arm-xilinx-eabi-gcc" "ARCHIVER=arm-xilinx-eabi-ar" "COMPILER_FLAGS=  -O2 -c" "EXTRA_COMPILER_FLAGS=-g"
Running Make include in ps7_cortexa9_0/libsrc/devcfg_v3_3/src
make -C ps7_cortexa9_0/libsrc/devcfg_v3_3/src -s include  "SHELL=/bin/sh" "COMPILER=arm-xilinx-eabi-gcc" "ARCHIVER=arm-xilinx-eabi-ar" "COMPILER_FLAGS=  -O2 -c" "EXTRA_COMPILER_FLAGS=-g"
Running Make include in ps7_cortexa9_0/libsrc/dmaps_v2_1/src
make -C ps7_cortexa9_0/libsrc/dmaps_v2_1/src -s include  "SHELL=/bin/sh" "COMPILER=arm-xilinx-eabi-gcc" "ARCHIVER=arm-xilinx-eabi-ar" "COMPILER_FLAGS=  -O2 -c" "EXTRA_COMPILER_FLAGS=-g"
Running Make include in ps7_cortexa9_0/libsrc/emacps_v3_0/src
make -C ps7_cortexa9_0/libsrc/emacps_v3_0/src -s include  "SHELL=/bin/sh" "COMPILER=arm-xilinx-eabi-gcc" "ARCHIVER=arm-xilinx-eabi-ar" "COMPILER_FLAGS=  -O2 -c" "EXTRA_COMPILER_FLAGS=-g"
Running Make include in ps7_cortexa9_0/libsrc/gpiops_v3_0/src
make -C ps7_cortexa9_0/libsrc/gpiops_v3_0/src -s include  "SHELL=/bin/sh" "COMPILER=arm-xilinx-eabi-gcc" "ARCHIVER=arm-xilinx-eabi-ar" "COMPILER_FLAGS=  -O2 -c" "EXTRA_COMPILER_FLAGS=-g"
Running Make include in ps7_cortexa9_0/libsrc/gpio_v4_0/src
make -C ps7_cortexa9_0/libsrc/gpio_v4_0/src -s include  "SHELL=/bin/sh" "COMPILER=arm-xilinx-eabi-gcc" "ARCHIVER=arm-xilinx-eabi-ar" "COMPILER_FLAGS=  -O2 -c" "EXTRA_COMPILER_FLAGS=-g"
Running Make include in ps7_cortexa9_0/libsrc/qspips_v3_2/src
make -C ps7_cortexa9_0/libsrc/qspips_v3_2/src -s include  "SHELL=/bin/sh" "COMPILER=arm-xilinx-eabi-gcc" "ARCHIVER=arm-xilinx-eabi-ar" "COMPILER_FLAGS=  -O2 -c" "EXTRA_COMPILER_FLAGS=-g"
Running Make include in ps7_cortexa9_0/libsrc/scugic_v3_0/src
make -C ps7_cortexa9_0/libsrc/scugic_v3_0/src -s include  "SHELL=/bin/sh" "COMPILER=arm-xilinx-eabi-gcc" "ARCHIVER=arm-xilinx-eabi-ar" "COMPILER_FLAGS=  -O2 -c" "EXTRA_COMPILER_FLAGS=-g"
Running Make include in ps7_cortexa9_0/libsrc/scutimer_v2_1/src
make -C ps7_cortexa9_0/libsrc/scutimer_v2_1/src -s include  "SHELL=/bin/sh" "COMPILER=arm-xilinx-eabi-gcc" "ARCHIVER=arm-xilinx-eabi-ar" "COMPILER_FLAGS=  -O2 -c" "EXTRA_COMPILER_FLAGS=-g"
Running Make include in ps7_cortexa9_0/libsrc/scuwdt_v2_1/src
make -C ps7_cortexa9_0/libsrc/scuwdt_v2_1/src -s include  "SHELL=/bin/sh" "COMPILER=arm-xilinx-eabi-gcc" "ARCHIVER=arm-xilinx-eabi-ar" "COMPILER_FLAGS=  -O2 -c" "EXTRA_COMPILER_FLAGS=-g"
Running Make include in ps7_cortexa9_0/libsrc/sdps_v2_4/src
make -C ps7_cortexa9_0/libsrc/sdps_v2_4/src -s include  "SHELL=/bin/sh" "COMPILER=arm-xilinx-eabi-gcc" "ARCHIVER=arm-xilinx-eabi-ar" "COMPILER_FLAGS=  -O2 -c" "EXTRA_COMPILER_FLAGS=-g"
Running Make include in ps7_cortexa9_0/libsrc/spi_v4_1/src
make -C ps7_cortexa9_0/libsrc/spi_v4_1/src -s include  "SHELL=/bin/sh" "COMPILER=arm-xilinx-eabi-gcc" "ARCHIVER=arm-xilinx-eabi-ar" "COMPILER_FLAGS=  -O2 -c" "EXTRA_COMPILER_FLAGS=-g"
Running Make include in ps7_cortexa9_0/libsrc/standalone_v5_1/src
make -C ps7_cortexa9_0/libsrc/standalone_v5_1/src -s include  "SHELL=/bin/sh" "COMPILER=arm-xilinx-eabi-gcc" "ARCHIVER=arm-xilinx-eabi-ar" "COMPILER_FLAGS=  -O2 -c" "EXTRA_COMPILER_FLAGS=-g"
Running Make include in ps7_cortexa9_0/libsrc/ttcps_v3_0/src
make -C ps7_cortexa9_0/libsrc/ttcps_v3_0/src -s include  "SHELL=/bin/sh" "COMPILER=arm-xilinx-eabi-gcc" "ARCHIVER=arm-xilinx-eabi-ar" "COMPILER_FLAGS=  -O2 -c" "EXTRA_COMPILER_FLAGS=-g"
Running Make include in ps7_cortexa9_0/libsrc/uartps_v3_0/src
make -C ps7_cortexa9_0/libsrc/uartps_v3_0/src -s include  "SHELL=/bin/sh" "COMPILER=arm-xilinx-eabi-gcc" "ARCHIVER=arm-xilinx-eabi-ar" "COMPILER_FLAGS=  -O2 -c" "EXTRA_COMPILER_FLAGS=-g"
Running Make include in ps7_cortexa9_0/libsrc/usbps_v2_2/src
make -C ps7_cortexa9_0/libsrc/usbps_v2_2/src -s include  "SHELL=/bin/sh" "COMPILER=arm-xilinx-eabi-gcc" "ARCHIVER=arm-xilinx-eabi-ar" "COMPILER_FLAGS=  -O2 -c" "EXTRA_COMPILER_FLAGS=-g"
Running Make include in ps7_cortexa9_0/libsrc/xadcps_v2_2/src
make -C ps7_cortexa9_0/libsrc/xadcps_v2_2/src -s include  "SHELL=/bin/sh" "COMPILER=arm-xilinx-eabi-gcc" "ARCHIVER=arm-xilinx-eabi-ar" "COMPILER_FLAGS=  -O2 -c" "EXTRA_COMPILER_FLAGS=-g"
Running Make libs in ps7_cortexa9_0/libsrc/coresightps_dcc_v1_0/src
make -C ps7_cortexa9_0/libsrc/coresightps_dcc_v1_0/src -s libs  "SHELL=/bin/sh" "COMPILER=arm-xilinx-eabi-gcc" "ARCHIVER=arm-xilinx-eabi-ar" "COMPILER_FLAGS=  -O2 -c" "EXTRA_COMPILER_FLAGS=-g"
Compiling coresightps_dcc
Running Make libs in ps7_cortexa9_0/libsrc/cpu_cortexa9_v2_1/src
make -C ps7_cortexa9_0/libsrc/cpu_cortexa9_v2_1/src -s libs  "SHELL=/bin/sh" "COMPILER=arm-xilinx-eabi-gcc" "ARCHIVER=arm-xilinx-eabi-ar" "COMPILER_FLAGS=  -O2 -c" "EXTRA_COMPILER_FLAGS=-g"
Compiling cpu_cortexa9
Running Make libs in ps7_cortexa9_0/libsrc/devcfg_v3_3/src
make -C ps7_cortexa9_0/libsrc/devcfg_v3_3/src -s libs  "SHELL=/bin/sh" "COMPILER=arm-xilinx-eabi-gcc" "ARCHIVER=arm-xilinx-eabi-ar" "COMPILER_FLAGS=  -O2 -c" "EXTRA_COMPILER_FLAGS=-g"
Compiling devcfg
Running Make libs in ps7_cortexa9_0/libsrc/dmaps_v2_1/src
make -C ps7_cortexa9_0/libsrc/dmaps_v2_1/src -s libs  "SHELL=/bin/sh" "COMPILER=arm-xilinx-eabi-gcc" "ARCHIVER=arm-xilinx-eabi-ar" "COMPILER_FLAGS=  -O2 -c" "EXTRA_COMPILER_FLAGS=-g"
Compiling dmaps
Running Make libs in ps7_cortexa9_0/libsrc/emacps_v3_0/src
make -C ps7_cortexa9_0/libsrc/emacps_v3_0/src -s libs  "SHELL=/bin/sh" "COMPILER=arm-xilinx-eabi-gcc" "ARCHIVER=arm-xilinx-eabi-ar" "COMPILER_FLAGS=  -O2 -c" "EXTRA_COMPILER_FLAGS=-g"
Compiling emacps
Running Make libs in ps7_cortexa9_0/libsrc/gpiops_v3_0/src
make -C ps7_cortexa9_0/libsrc/gpiops_v3_0/src -s libs  "SHELL=/bin/sh" "COMPILER=arm-xilinx-eabi-gcc" "ARCHIVER=arm-xilinx-eabi-ar" "COMPILER_FLAGS=  -O2 -c" "EXTRA_COMPILER_FLAGS=-g"
Compiling gpiops
Running Make libs in ps7_cortexa9_0/libsrc/gpio_v4_0/src
make -C ps7_cortexa9_0/libsrc/gpio_v4_0/src -s libs  "SHELL=/bin/sh" "COMPILER=arm-xilinx-eabi-gcc" "ARCHIVER=arm-xilinx-eabi-ar" "COMPILER_FLAGS=  -O2 -c" "EXTRA_COMPILER_FLAGS=-g"
Compiling gpio
Running Make libs in ps7_cortexa9_0/libsrc/qspips_v3_2/src
make -C ps7_cortexa9_0/libsrc/qspips_v3_2/src -s libs  "SHELL=/bin/sh" "COMPILER=arm-xilinx-eabi-gcc" "ARCHIVER=arm-xilinx-eabi-ar" "COMPILER_FLAGS=  -O2 -c" "EXTRA_COMPILER_FLAGS=-g"
Compiling qspips
Running Make libs in ps7_cortexa9_0/libsrc/scugic_v3_0/src
make -C ps7_cortexa9_0/libsrc/scugic_v3_0/src -s libs  "SHELL=/bin/sh" "COMPILER=arm-xilinx-eabi-gcc" "ARCHIVER=arm-xilinx-eabi-ar" "COMPILER_FLAGS=  -O2 -c" "EXTRA_COMPILER_FLAGS=-g"
Compiling scugic
Running Make libs in ps7_cortexa9_0/libsrc/scutimer_v2_1/src
make -C ps7_cortexa9_0/libsrc/scutimer_v2_1/src -s libs  "SHELL=/bin/sh" "COMPILER=arm-xilinx-eabi-gcc" "ARCHIVER=arm-xilinx-eabi-ar" "COMPILER_FLAGS=  -O2 -c" "EXTRA_COMPILER_FLAGS=-g"
Compiling scutimer
Running Make libs in ps7_cortexa9_0/libsrc/scuwdt_v2_1/src
make -C ps7_cortexa9_0/libsrc/scuwdt_v2_1/src -s libs  "SHELL=/bin/sh" "COMPILER=arm-xilinx-eabi-gcc" "ARCHIVER=arm-xilinx-eabi-ar" "COMPILER_FLAGS=  -O2 -c" "EXTRA_COMPILER_FLAGS=-g"
Compiling scuwdt
Running Make libs in ps7_cortexa9_0/libsrc/sdps_v2_4/src
make -C ps7_cortexa9_0/libsrc/sdps_v2_4/src -s libs  "SHELL=/bin/sh" "COMPILER=arm-xilinx-eabi-gcc" "ARCHIVER=arm-xilinx-eabi-ar" "COMPILER_FLAGS=  -O2 -c" "EXTRA_COMPILER_FLAGS=-g"
Compiling sdps
Running Make libs in ps7_cortexa9_0/libsrc/spi_v4_1/src
make -C ps7_cortexa9_0/libsrc/spi_v4_1/src -s libs  "SHELL=/bin/sh" "COMPILER=arm-xilinx-eabi-gcc" "ARCHIVER=arm-xilinx-eabi-ar" "COMPILER_FLAGS=  -O2 -c" "EXTRA_COMPILER_FLAGS=-g"
Compiling spi
Running Make libs in ps7_cortexa9_0/libsrc/standalone_v5_1/src
make -C ps7_cortexa9_0/libsrc/standalone_v5_1/src -s libs  "SHELL=/bin/sh" "COMPILER=arm-xilinx-eabi-gcc" "ARCHIVER=arm-xilinx-eabi-ar" "COMPILER_FLAGS=  -O2 -c" "EXTRA_COMPILER_FLAGS=-g"
Compiling standalone
Running Make libs in ps7_cortexa9_0/libsrc/ttcps_v3_0/src
make -C ps7_cortexa9_0/libsrc/ttcps_v3_0/src -s libs  "SHELL=/bin/sh" "COMPILER=arm-xilinx-eabi-gcc" "ARCHIVER=arm-xilinx-eabi-ar" "COMPILER_FLAGS=  -O2 -c" "EXTRA_COMPILER_FLAGS=-g"
Compiling ttcps
Running Make libs in ps7_cortexa9_0/libsrc/uartps_v3_0/src
make -C ps7_cortexa9_0/libsrc/uartps_v3_0/src -s libs  "SHELL=/bin/sh" "COMPILER=arm-xilinx-eabi-gcc" "ARCHIVER=arm-xilinx-eabi-ar" "COMPILER_FLAGS=  -O2 -c" "EXTRA_COMPILER_FLAGS=-g"
Compiling uartps
Running Make libs in ps7_cortexa9_0/libsrc/usbps_v2_2/src
make -C ps7_cortexa9_0/libsrc/usbps_v2_2/src -s libs  "SHELL=/bin/sh" "COMPILER=arm-xilinx-eabi-gcc" "ARCHIVER=arm-xilinx-eabi-ar" "COMPILER_FLAGS=  -O2 -c" "EXTRA_COMPILER_FLAGS=-g"
Compiling usbps
Running Make libs in ps7_cortexa9_0/libsrc/xadcps_v2_2/src
make -C ps7_cortexa9_0/libsrc/xadcps_v2_2/src -s libs  "SHELL=/bin/sh" "COMPILER=arm-xilinx-eabi-gcc" "ARCHIVER=arm-xilinx-eabi-ar" "COMPILER_FLAGS=  -O2 -c" "EXTRA_COMPILER_FLAGS=-g"
Compiling xadcps
Finished building libraries
00:55:55 **** Build of configuration Debug for project corespi ****
make all 
Building file: ../src/platform.c
Invoking: ARM gcc compiler
arm-xilinx-eabi-gcc -Wall -O0 -g3 -c -fmessage-length=0 -MT"src/platform.o" -I../../corespi_bsp/ps7_cortexa9_0/include -MMD -MP -MF"src/platform.d" -MT"src/platform.o" -o "src/platform.o" "../src/platform.c"
Finished building: ../src/platform.c
 
Building file: ../src/spi_tester.c
Invoking: ARM gcc compiler
arm-xilinx-eabi-gcc -Wall -O0 -g3 -c -fmessage-length=0 -MT"src/spi_tester.o" -I../../corespi_bsp/ps7_cortexa9_0/include -MMD -MP -MF"src/spi_tester.d" -MT"src/spi_tester.o" -o "src/spi_tester.o" "../src/spi_tester.c"
Finished building: ../src/spi_tester.c
 
Building target: corespi.elf
Invoking: ARM gcc linker
arm-xilinx-eabi-gcc -Wl,-T -Wl,../src/lscript.ld -L../../corespi_bsp/ps7_cortexa9_0/lib -o "corespi.elf"  ./src/platform.o ./src/spi_tester.o   -Wl,--start-group,-lxil,-lgcc,-lc,--end-group
Finished building target: corespi.elf
 
Invoking: ARM Print Size
arm-xilinx-eabi-size corespi.elf  |tee "corespi.elf.size"
   text	   data	    bss	    dec	    hex	filename
  32448	   1200	  22692	  56340	   dc14	corespi.elf
Finished building: corespi.elf.size
 
01:26:29 **** Clean-only build of configuration Debug for project corespi ****
make clean 
rm -rf  ./src/platform.o ./src/spi_tester.o  ./src/platform.d ./src/spi_tester.d  corespi.elf.size  corespi.elf
 
01:26:29 **** Auto Build of configuration Debug for project corespi ****
make all 
Building file: ../src/platform.c
Invoking: ARM gcc compiler
arm-xilinx-eabi-gcc -Wall -O0 -g3 -c -fmessage-length=0 -MT"src/platform.o" -I../../corespi_bsp/ps7_cortexa9_0/include -MMD -MP -MF"src/platform.d" -MT"src/platform.o" -o "src/platform.o" "../src/platform.c"
Finished building: ../src/platform.c
 
Building file: ../src/spi_tester.c
Invoking: ARM gcc compiler
arm-xilinx-eabi-gcc -Wall -O0 -g3 -c -fmessage-length=0 -MT"src/spi_tester.o" -I../../corespi_bsp/ps7_cortexa9_0/include -MMD -MP -MF"src/spi_tester.d" -MT"src/spi_tester.o" -o "src/spi_tester.o" "../src/spi_tester.c"
../src/spi_tester.c: In function 'spi_write':
../src/spi_tester.c:109:2: warning: 'return' with a value, in function returning void
  return RcvBuf[1]; //1st byte of RcvBuf is garbage (from when the addr was shifted in), 2nd byte is data
  ^
Finished building: ../src/spi_tester.c
 
Building target: corespi.elf
Invoking: ARM gcc linker
arm-xilinx-eabi-gcc -Wl,-T -Wl,../src/lscript.ld -L../../corespi_bsp/ps7_cortexa9_0/lib -o "corespi.elf"  ./src/platform.o ./src/spi_tester.o   -Wl,--start-group,-lxil,-lgcc,-lc,--end-group
Finished building target: corespi.elf
 
Invoking: ARM Print Size
arm-xilinx-eabi-size corespi.elf  |tee "corespi.elf.size"
   text	   data	    bss	    dec	    hex	filename
  32512	   1200	  22692	  56404	   dc54	corespi.elf
Finished building: corespi.elf.size
 
01:26:46 **** Auto Build of configuration Debug for project corespi ****
make all 
Building file: ../src/spi_tester.c
Invoking: ARM gcc compiler
arm-xilinx-eabi-gcc -Wall -O0 -g3 -c -fmessage-length=0 -MT"src/spi_tester.o" -I../../corespi_bsp/ps7_cortexa9_0/include -MMD -MP -MF"src/spi_tester.d" -MT"src/spi_tester.o" -o "src/spi_tester.o" "../src/spi_tester.c"
Finished building: ../src/spi_tester.c
 
Building target: corespi.elf
Invoking: ARM gcc linker
arm-xilinx-eabi-gcc -Wl,-T -Wl,../src/lscript.ld -L../../corespi_bsp/ps7_cortexa9_0/lib -o "corespi.elf"  ./src/platform.o ./src/spi_tester.o   -Wl,--start-group,-lxil,-lgcc,-lc,--end-group
Finished building target: corespi.elf
 
Invoking: ARM Print Size
arm-xilinx-eabi-size corespi.elf  |tee "corespi.elf.size"
   text	   data	    bss	    dec	    hex	filename
  32512	   1200	  22692	  56404	   dc54	corespi.elf
Finished building: corespi.elf.size
 
01:33:27 **** Auto Build of configuration Debug for project corespi ****
make all 
Building file: ../src/spi_tester.c
Invoking: ARM gcc compiler
arm-xilinx-eabi-gcc -Wall -O0 -g3 -c -fmessage-length=0 -MT"src/spi_tester.o" -I../../corespi_bsp/ps7_cortexa9_0/include -MMD -MP -MF"src/spi_tester.d" -MT"src/spi_tester.o" -o "src/spi_tester.o" "../src/spi_tester.c"
Finished building: ../src/spi_tester.c
 
Building target: corespi.elf
Invoking: ARM gcc linker
arm-xilinx-eabi-gcc -Wl,-T -Wl,../src/lscript.ld -L../../corespi_bsp/ps7_cortexa9_0/lib -o "corespi.elf"  ./src/platform.o ./src/spi_tester.o   -Wl,--start-group,-lxil,-lgcc,-lc,--end-group
Finished building target: corespi.elf
 
Invoking: ARM Print Size
arm-xilinx-eabi-size corespi.elf  |tee "corespi.elf.size"
   text	   data	    bss	    dec	    hex	filename
  29916	   1192	  22692	  53800	   d228	corespi.elf
Finished building: corespi.elf.size
 
01:37:33 **** Incremental Build of configuration Debug for project corespi ****
make all 
make: Nothing to be done for `all'.
01:40:54 **** Incremental Build of configuration Debug for project corespi ****
make all 
make: Nothing to be done for `all'.
01:45:08 **** Incremental Build of configuration Debug for project corespi ****
make all 
make: Nothing to be done for `all'.
00:03:17 **** Incremental Build of configuration Debug for project corespi ****
make all 
make: Nothing to be done for `all'.
00:03:31 **** Incremental Build of configuration Debug for project corespi ****
make all 
make: Nothing to be done for `all'.
00:05:15 **** Incremental Build of configuration Debug for project corespi ****
make all 
make: Nothing to be done for `all'.
00:06:41 **** Incremental Build of configuration Debug for project corespi ****
make all 
make: Nothing to be done for `all'.
00:11:24 **** Incremental Build of configuration Debug for project corespi ****
make all 
make: Nothing to be done for `all'.
00:14:00 **** Incremental Build of configuration Debug for project corespi ****
make all 
make: Nothing to be done for `all'.
00:15:52 **** Incremental Build of configuration Debug for project corespi ****
make all 
make: Nothing to be done for `all'.
00:25:40 **** Incremental Build of configuration Debug for project corespi ****
make all 
make: Nothing to be done for `all'.
00:27:42 **** Incremental Build of configuration Debug for project corespi ****
make all 
make: Nothing to be done for `all'.
00:28:42 **** Auto Build of configuration Debug for project corespi ****
make all 
Building file: ../src/spi_tester.c
Invoking: ARM gcc compiler
arm-xilinx-eabi-gcc -Wall -O0 -g3 -c -fmessage-length=0 -MT"src/spi_tester.o" -I../../corespi_bsp/ps7_cortexa9_0/include -MMD -MP -MF"src/spi_tester.d" -MT"src/spi_tester.o" -o "src/spi_tester.o" "../src/spi_tester.c"
Finished building: ../src/spi_tester.c
 
Building target: corespi.elf
Invoking: ARM gcc linker
arm-xilinx-eabi-gcc -Wl,-T -Wl,../src/lscript.ld -L../../corespi_bsp/ps7_cortexa9_0/lib -o "corespi.elf"  ./src/platform.o ./src/spi_tester.o   -Wl,--start-group,-lxil,-lgcc,-lc,--end-group
Finished building target: corespi.elf
 
Invoking: ARM Print Size
arm-xilinx-eabi-size corespi.elf  |tee "corespi.elf.size"
   text	   data	    bss	    dec	    hex	filename
  29904	   1192	  22692	  53788	   d21c	corespi.elf
Finished building: corespi.elf.size
 
00:29:20 **** Auto Build of configuration Debug for project corespi ****
make all 
Building file: ../src/spi_tester.c
Invoking: ARM gcc compiler
arm-xilinx-eabi-gcc -Wall -O0 -g3 -c -fmessage-length=0 -MT"src/spi_tester.o" -I../../corespi_bsp/ps7_cortexa9_0/include -MMD -MP -MF"src/spi_tester.d" -MT"src/spi_tester.o" -o "src/spi_tester.o" "../src/spi_tester.c"
Finished building: ../src/spi_tester.c
 
Building target: corespi.elf
Invoking: ARM gcc linker
arm-xilinx-eabi-gcc -Wl,-T -Wl,../src/lscript.ld -L../../corespi_bsp/ps7_cortexa9_0/lib -o "corespi.elf"  ./src/platform.o ./src/spi_tester.o   -Wl,--start-group,-lxil,-lgcc,-lc,--end-group
Finished building target: corespi.elf
 
Invoking: ARM Print Size
arm-xilinx-eabi-size corespi.elf  |tee "corespi.elf.size"
   text	   data	    bss	    dec	    hex	filename
  29904	   1192	  22692	  53788	   d21c	corespi.elf
Finished building: corespi.elf.size
 
00:29:25 **** Incremental Build of configuration Debug for project corespi ****
make all 
make: Nothing to be done for `all'.
00:30:04 **** Auto Build of configuration Debug for project corespi ****
make all 
Building file: ../src/spi_tester.c
Invoking: ARM gcc compiler
arm-xilinx-eabi-gcc -Wall -O0 -g3 -c -fmessage-length=0 -MT"src/spi_tester.o" -I../../corespi_bsp/ps7_cortexa9_0/include -MMD -MP -MF"src/spi_tester.d" -MT"src/spi_tester.o" -o "src/spi_tester.o" "../src/spi_tester.c"
../src/spi_tester.c: In function 'main':
../src/spi_tester.c:83:16: warning: large integer implicitly truncated to unsigned type [-Woverflow]
     u8 value = 0x1010;
                ^
Finished building: ../src/spi_tester.c
 
Building target: corespi.elf
Invoking: ARM gcc linker
arm-xilinx-eabi-gcc -Wl,-T -Wl,../src/lscript.ld -L../../corespi_bsp/ps7_cortexa9_0/lib -o "corespi.elf"  ./src/platform.o ./src/spi_tester.o   -Wl,--start-group,-lxil,-lgcc,-lc,--end-group
Finished building target: corespi.elf
 
Invoking: ARM Print Size
arm-xilinx-eabi-size corespi.elf  |tee "corespi.elf.size"
   text	   data	    bss	    dec	    hex	filename
  29904	   1192	  22692	  53788	   d21c	corespi.elf
Finished building: corespi.elf.size
 
00:30:08 **** Incremental Build of configuration Debug for project corespi ****
make all 
make: Nothing to be done for `all'.
00:31:17 **** Auto Build of configuration Debug for project corespi ****
make all 
Building file: ../src/spi_tester.c
Invoking: ARM gcc compiler
arm-xilinx-eabi-gcc -Wall -O0 -g3 -c -fmessage-length=0 -MT"src/spi_tester.o" -I../../corespi_bsp/ps7_cortexa9_0/include -MMD -MP -MF"src/spi_tester.d" -MT"src/spi_tester.o" -o "src/spi_tester.o" "../src/spi_tester.c"
Finished building: ../src/spi_tester.c
 
Building target: corespi.elf
Invoking: ARM gcc linker
arm-xilinx-eabi-gcc -Wl,-T -Wl,../src/lscript.ld -L../../corespi_bsp/ps7_cortexa9_0/lib -o "corespi.elf"  ./src/platform.o ./src/spi_tester.o   -Wl,--start-group,-lxil,-lgcc,-lc,--end-group
Finished building target: corespi.elf
 
Invoking: ARM Print Size
arm-xilinx-eabi-size corespi.elf  |tee "corespi.elf.size"
   text	   data	    bss	    dec	    hex	filename
  29904	   1192	  22692	  53788	   d21c	corespi.elf
Finished building: corespi.elf.size
 
00:31:21 **** Incremental Build of configuration Debug for project corespi ****
make all 
make: Nothing to be done for `all'.
00:31:49 **** Auto Build of configuration Debug for project corespi ****
make all 
Building file: ../src/spi_tester.c
Invoking: ARM gcc compiler
arm-xilinx-eabi-gcc -Wall -O0 -g3 -c -fmessage-length=0 -MT"src/spi_tester.o" -I../../corespi_bsp/ps7_cortexa9_0/include -MMD -MP -MF"src/spi_tester.d" -MT"src/spi_tester.o" -o "src/spi_tester.o" "../src/spi_tester.c"
Finished building: ../src/spi_tester.c
 
Building target: corespi.elf
Invoking: ARM gcc linker
arm-xilinx-eabi-gcc -Wl,-T -Wl,../src/lscript.ld -L../../corespi_bsp/ps7_cortexa9_0/lib -o "corespi.elf"  ./src/platform.o ./src/spi_tester.o   -Wl,--start-group,-lxil,-lgcc,-lc,--end-group
Finished building target: corespi.elf
 
Invoking: ARM Print Size
arm-xilinx-eabi-size corespi.elf  |tee "corespi.elf.size"
   text	   data	    bss	    dec	    hex	filename
  29904	   1192	  22692	  53788	   d21c	corespi.elf
Finished building: corespi.elf.size
 
00:31:55 **** Incremental Build of configuration Debug for project corespi ****
make all 
make: Nothing to be done for `all'.
00:32:31 **** Auto Build of configuration Debug for project corespi ****
make all 
Building file: ../src/spi_tester.c
Invoking: ARM gcc compiler
arm-xilinx-eabi-gcc -Wall -O0 -g3 -c -fmessage-length=0 -MT"src/spi_tester.o" -I../../corespi_bsp/ps7_cortexa9_0/include -MMD -MP -MF"src/spi_tester.d" -MT"src/spi_tester.o" -o "src/spi_tester.o" "../src/spi_tester.c"
Finished building: ../src/spi_tester.c
 
Building target: corespi.elf
Invoking: ARM gcc linker
arm-xilinx-eabi-gcc -Wl,-T -Wl,../src/lscript.ld -L../../corespi_bsp/ps7_cortexa9_0/lib -o "corespi.elf"  ./src/platform.o ./src/spi_tester.o   -Wl,--start-group,-lxil,-lgcc,-lc,--end-group
Finished building target: corespi.elf
 
Invoking: ARM Print Size
arm-xilinx-eabi-size corespi.elf  |tee "corespi.elf.size"
   text	   data	    bss	    dec	    hex	filename
  29904	   1192	  22692	  53788	   d21c	corespi.elf
Finished building: corespi.elf.size
 
00:32:36 **** Incremental Build of configuration Debug for project corespi ****
make all 
make: Nothing to be done for `all'.
00:33:22 **** Incremental Build of configuration Debug for project corespi ****
make all 
make: Nothing to be done for `all'.
00:34:38 **** Auto Build of configuration Debug for project corespi ****
make all 
Building file: ../src/spi_tester.c
Invoking: ARM gcc compiler
arm-xilinx-eabi-gcc -Wall -O0 -g3 -c -fmessage-length=0 -MT"src/spi_tester.o" -I../../corespi_bsp/ps7_cortexa9_0/include -MMD -MP -MF"src/spi_tester.d" -MT"src/spi_tester.o" -o "src/spi_tester.o" "../src/spi_tester.c"
Finished building: ../src/spi_tester.c
 
Building target: corespi.elf
Invoking: ARM gcc linker
arm-xilinx-eabi-gcc -Wl,-T -Wl,../src/lscript.ld -L../../corespi_bsp/ps7_cortexa9_0/lib -o "corespi.elf"  ./src/platform.o ./src/spi_tester.o   -Wl,--start-group,-lxil,-lgcc,-lc,--end-group
Finished building target: corespi.elf
 
Invoking: ARM Print Size
arm-xilinx-eabi-size corespi.elf  |tee "corespi.elf.size"
   text	   data	    bss	    dec	    hex	filename
  29904	   1192	  22692	  53788	   d21c	corespi.elf
Finished building: corespi.elf.size
 
00:34:45 **** Incremental Build of configuration Debug for project corespi ****
make all 
make: Nothing to be done for `all'.
00:35:58 **** Auto Build of configuration Debug for project corespi ****
make all 
Building file: ../src/spi_tester.c
Invoking: ARM gcc compiler
arm-xilinx-eabi-gcc -Wall -O0 -g3 -c -fmessage-length=0 -MT"src/spi_tester.o" -I../../corespi_bsp/ps7_cortexa9_0/include -MMD -MP -MF"src/spi_tester.d" -MT"src/spi_tester.o" -o "src/spi_tester.o" "../src/spi_tester.c"
Finished building: ../src/spi_tester.c
 
Building target: corespi.elf
Invoking: ARM gcc linker
arm-xilinx-eabi-gcc -Wl,-T -Wl,../src/lscript.ld -L../../corespi_bsp/ps7_cortexa9_0/lib -o "corespi.elf"  ./src/platform.o ./src/spi_tester.o   -Wl,--start-group,-lxil,-lgcc,-lc,--end-group
Finished building target: corespi.elf
 
Invoking: ARM Print Size
arm-xilinx-eabi-size corespi.elf  |tee "corespi.elf.size"
   text	   data	    bss	    dec	    hex	filename
  29904	   1192	  22692	  53788	   d21c	corespi.elf
Finished building: corespi.elf.size
 
00:36:02 **** Incremental Build of configuration Debug for project corespi ****
make all 
make: Nothing to be done for `all'.
00:36:26 **** Auto Build of configuration Debug for project corespi ****
make all 
Building file: ../src/spi_tester.c
Invoking: ARM gcc compiler
arm-xilinx-eabi-gcc -Wall -O0 -g3 -c -fmessage-length=0 -MT"src/spi_tester.o" -I../../corespi_bsp/ps7_cortexa9_0/include -MMD -MP -MF"src/spi_tester.d" -MT"src/spi_tester.o" -o "src/spi_tester.o" "../src/spi_tester.c"
Finished building: ../src/spi_tester.c
 
Building target: corespi.elf
Invoking: ARM gcc linker
arm-xilinx-eabi-gcc -Wl,-T -Wl,../src/lscript.ld -L../../corespi_bsp/ps7_cortexa9_0/lib -o "corespi.elf"  ./src/platform.o ./src/spi_tester.o   -Wl,--start-group,-lxil,-lgcc,-lc,--end-group
Finished building target: corespi.elf
 
Invoking: ARM Print Size
arm-xilinx-eabi-size corespi.elf  |tee "corespi.elf.size"
   text	   data	    bss	    dec	    hex	filename
  29904	   1192	  22692	  53788	   d21c	corespi.elf
Finished building: corespi.elf.size
 
00:36:32 **** Auto Build of configuration Debug for project corespi ****
make all 
Building file: ../src/spi_tester.c
Invoking: ARM gcc compiler
arm-xilinx-eabi-gcc -Wall -O0 -g3 -c -fmessage-length=0 -MT"src/spi_tester.o" -I../../corespi_bsp/ps7_cortexa9_0/include -MMD -MP -MF"src/spi_tester.d" -MT"src/spi_tester.o" -o "src/spi_tester.o" "../src/spi_tester.c"
Finished building: ../src/spi_tester.c
 
Building target: corespi.elf
Invoking: ARM gcc linker
arm-xilinx-eabi-gcc -Wl,-T -Wl,../src/lscript.ld -L../../corespi_bsp/ps7_cortexa9_0/lib -o "corespi.elf"  ./src/platform.o ./src/spi_tester.o   -Wl,--start-group,-lxil,-lgcc,-lc,--end-group
Finished building target: corespi.elf
 
Invoking: ARM Print Size
arm-xilinx-eabi-size corespi.elf  |tee "corespi.elf.size"
   text	   data	    bss	    dec	    hex	filename
  29904	   1192	  22692	  53788	   d21c	corespi.elf
Finished building: corespi.elf.size
 
00:36:35 **** Incremental Build of configuration Debug for project corespi ****
make all 
make: Nothing to be done for `all'.
00:37:44 **** Auto Build of configuration Debug for project corespi ****
make all 
Building file: ../src/spi_tester.c
Invoking: ARM gcc compiler
arm-xilinx-eabi-gcc -Wall -O0 -g3 -c -fmessage-length=0 -MT"src/spi_tester.o" -I../../corespi_bsp/ps7_cortexa9_0/include -MMD -MP -MF"src/spi_tester.d" -MT"src/spi_tester.o" -o "src/spi_tester.o" "../src/spi_tester.c"
Finished building: ../src/spi_tester.c
 
Building target: corespi.elf
Invoking: ARM gcc linker
arm-xilinx-eabi-gcc -Wl,-T -Wl,../src/lscript.ld -L../../corespi_bsp/ps7_cortexa9_0/lib -o "corespi.elf"  ./src/platform.o ./src/spi_tester.o   -Wl,--start-group,-lxil,-lgcc,-lc,--end-group
Finished building target: corespi.elf
 
Invoking: ARM Print Size
arm-xilinx-eabi-size corespi.elf  |tee "corespi.elf.size"
   text	   data	    bss	    dec	    hex	filename
  29904	   1192	  22692	  53788	   d21c	corespi.elf
Finished building: corespi.elf.size
 
00:37:48 **** Incremental Build of configuration Debug for project corespi ****
make all 
make: Nothing to be done for `all'.
00:40:54 **** Auto Build of configuration Debug for project corespi ****
make all 
Building file: ../src/spi_tester.c
Invoking: ARM gcc compiler
arm-xilinx-eabi-gcc -Wall -O0 -g3 -c -fmessage-length=0 -MT"src/spi_tester.o" -I../../corespi_bsp/ps7_cortexa9_0/include -MMD -MP -MF"src/spi_tester.d" -MT"src/spi_tester.o" -o "src/spi_tester.o" "../src/spi_tester.c"
Finished building: ../src/spi_tester.c
 
Building target: corespi.elf
Invoking: ARM gcc linker
arm-xilinx-eabi-gcc -Wl,-T -Wl,../src/lscript.ld -L../../corespi_bsp/ps7_cortexa9_0/lib -o "corespi.elf"  ./src/platform.o ./src/spi_tester.o   -Wl,--start-group,-lxil,-lgcc,-lc,--end-group
Finished building target: corespi.elf
 
Invoking: ARM Print Size
arm-xilinx-eabi-size corespi.elf  |tee "corespi.elf.size"
   text	   data	    bss	    dec	    hex	filename
  29904	   1192	  22692	  53788	   d21c	corespi.elf
Finished building: corespi.elf.size
 
00:41:12 **** Incremental Build of configuration Debug for project corespi ****
make all 
make: Nothing to be done for `all'.
00:43:32 **** Incremental Build of configuration Debug for project corespi ****
make all 
make: Nothing to be done for `all'.
00:44:52 **** Auto Build of configuration Debug for project corespi ****
make all 
Building file: ../src/spi_tester.c
Invoking: ARM gcc compiler
arm-xilinx-eabi-gcc -Wall -O0 -g3 -c -fmessage-length=0 -MT"src/spi_tester.o" -I../../corespi_bsp/ps7_cortexa9_0/include -MMD -MP -MF"src/spi_tester.d" -MT"src/spi_tester.o" -o "src/spi_tester.o" "../src/spi_tester.c"
Finished building: ../src/spi_tester.c
 
Building target: corespi.elf
Invoking: ARM gcc linker
arm-xilinx-eabi-gcc -Wl,-T -Wl,../src/lscript.ld -L../../corespi_bsp/ps7_cortexa9_0/lib -o "corespi.elf"  ./src/platform.o ./src/spi_tester.o   -Wl,--start-group,-lxil,-lgcc,-lc,--end-group
Finished building target: corespi.elf
 
Invoking: ARM Print Size
arm-xilinx-eabi-size corespi.elf  |tee "corespi.elf.size"
   text	   data	    bss	    dec	    hex	filename
  29904	   1192	  22692	  53788	   d21c	corespi.elf
Finished building: corespi.elf.size
 
00:45:15 **** Incremental Build of configuration Debug for project corespi ****
make all 
make: Nothing to be done for `all'.
